<?xml version="1.0" encoding="utf-8"?><testsuites><testsuite name="pytest" errors="0" failures="0" skipped="0" tests="7" time="18.114" timestamp="2025-06-29T13:27:51.728547+00:00" hostname="DESKTOP-L8F7BE8"><testcase classname="tests_api.test_users" name="test_current_user" time="1.790" /><testcase classname="tests_api.test_users" name="test_search_users" time="1.695" /><testcase classname="tests_api.test_users" name="test_filter_users" time="1.690" /><testcase classname="tests_api.test_users" name="test_create_user" time="1.731" /><testcase classname="tests_api.test_users" name="test_update_user" time="2.241" /><testcase classname="tests_api.test_users" name="test_delete_user" time="1.668" /><testcase classname="tests_api.test_users" name="test_get_single_user" time="7.263" /></testsuite></testsuites>